// Jest Snapshot v1, https://goo.gl/fbAQLP

exports[`input nested cards 1`] = `
"$AA
[?] <BUY> @30 %001
[+]
111 111 %002
222 222 %003

$BB
[?] <SELL> @30 %004"
`;

exports[`input nested cards 2`] = `
Array [
  Object {
    "linenumber": 1,
    "marker": Object {
      "key": "[?]",
      "value": "<BUY> @30",
    },
    "neatReply": true,
    "nestedCard": Object {
      "symbol": "$AA",
    },
    "new": true,
    "oauthor": "test-oauther",
    "pollChoices": Array [
      "<BUY>",
    ],
    "src": "http://test2.com",
    "stampId": "%001",
    "str": " <BUY> @30",
  },
  Object {
    "linenumber": 3,
    "marker": Object {
      "key": "[+]",
      "value": "111 111",
    },
    "nestedCard": Object {
      "symbol": "$AA",
    },
    "new": true,
    "oauthor": "test-oauther",
    "src": "http://test2.com",
    "stampId": "%002",
    "str": "111 111",
  },
  Object {
    "linenumber": 4,
    "marker": Object {
      "key": "[+]",
      "value": "222 222",
    },
    "nestedCard": Object {
      "symbol": "$AA",
    },
    "new": true,
    "oauthor": "test-oauther",
    "src": "http://test2.com",
    "stampId": "%003",
    "str": "222 222",
  },
  Object {
    "linenumber": 7,
    "marker": Object {
      "key": "[?]",
      "value": "<SELL> @30",
    },
    "neatReply": true,
    "nestedCard": Object {
      "symbol": "$BB",
    },
    "new": true,
    "oauthor": "test-oauther",
    "pollChoices": Array [
      "<SELL>",
    ],
    "src": "http://test2.com",
    "stampId": "%004",
    "str": " <SELL> @30",
  },
]
`;

exports[`input nested cards 3`] = `
Array [
  Array [
    Object {
      "symbol": "$AA",
    },
    Array [
      Object {
        "linenumber": 1,
        "marker": Object {
          "key": "[?]",
          "value": "<BUY> @30",
        },
        "neatReply": true,
        "nestedCard": Object {
          "symbol": "$AA",
        },
        "new": true,
        "oauthor": "test-oauther",
        "pollChoices": Array [
          "<BUY>",
        ],
        "src": "http://test2.com",
        "stampId": "%001",
        "str": " <BUY> @30",
      },
      Object {
        "linenumber": 3,
        "marker": Object {
          "key": "[+]",
          "value": "111 111",
        },
        "nestedCard": Object {
          "symbol": "$AA",
        },
        "new": true,
        "oauthor": "test-oauther",
        "src": "http://test2.com",
        "stampId": "%002",
        "str": "111 111",
      },
      Object {
        "linenumber": 4,
        "marker": Object {
          "key": "[+]",
          "value": "222 222",
        },
        "nestedCard": Object {
          "symbol": "$AA",
        },
        "new": true,
        "oauthor": "test-oauther",
        "src": "http://test2.com",
        "stampId": "%003",
        "str": "222 222",
      },
    ],
  ],
  Array [
    Object {
      "symbol": "$BB",
    },
    Array [
      Object {
        "linenumber": 7,
        "marker": Object {
          "key": "[?]",
          "value": "<SELL> @30",
        },
        "neatReply": true,
        "nestedCard": Object {
          "symbol": "$BB",
        },
        "new": true,
        "oauthor": "test-oauther",
        "pollChoices": Array [
          "<SELL>",
        ],
        "src": "http://test2.com",
        "stampId": "%004",
        "str": " <SELL> @30",
      },
    ],
  ],
]
`;
