// Jest Snapshot v1, https://goo.gl/fbAQLP

exports[`tickers https://news.cnyes.com/news/id/4738961 1`] = `
Object {
  "keywords": undefined,
  "tickers": undefined,
}
`;

exports[`tickers https://news.cnyes.com/news/id/4741929?exp=a 1`] = `
Object {
  "keywords": undefined,
  "tickers": Array [
    "5299-TW",
    "8261-TW",
    "3317-TW",
    "6435-TW",
    "6138-TW",
    "6217-TW",
    "6510-TW",
    "6223-TW",
  ],
}
`;
